// Jest Snapshot v1, https://goo.gl/fbAQLP

exports[`matches snapshot 1`] = `
<DocumentFragment>
  <div>
    <h1>
      You logged out!
    </h1>
    <h2>
      See you next time!
    </h2>
  </div>
</DocumentFragment>
`;
